[www.metro.pe/tecnologia/televisores.html]
[metrofood.vteximg.com.br/arquivos/metro_icon_3218b8.png]
[metrofood.vteximg.com.br/arquivos/metro_icon_15221a0.png]
[backblue.gif]
[fade.gif]
[index.html]
[io.vtex.com.br/front-libs/jquery/1.8.3/jquery-1.8.3.mina44e.js]
[wongfood.vteximg.com.br/scripts/swfobjecta44e.js]
[wongfood.vteximg.com.br/scripts/vtex.commona44e.js]
[vtex.vtexassets.com/_v/public/assets/v1/npm/@vtex/render-extension-loader@0.1.6/lib/render-extension-loadera44e.js]
[io.vtex.com.br/rc/rca44e.js]
[wongfood.vteximg.com.br/scripts/vtex.tagmanager.helpera44e.js]
[io.vtex.com.br/portal-ui/v1.15.3/scripts/vtex-events-all.mina44e.js]
[io.vtex.com.br/portal-ui/v1.15.3/scripts/vtex-analyticsa44e.js]
[io.vtex.com.br/front-libs/front-i18n/0.7.2/vtex-i18n.mina44e.js]
[io.vtex.com.br/front-libs/front-utils/3.0.8/underscore-extensionsa44e.js]
[wongfood.vteximg.com.br/scripts/currency-format.mina44e.js]
[io.vtex.com.br/front-libs/dustjs-linkedin/2.3.5/dust-core-2.3.5.mina44e.js]
[io.vtex.com.br/vtex.js/v2.13.0/vtex.mina44e.js]
[io.vtex.com.br/vtex-id-ui/3.26.0/vtexid-jquery.mina44e.js]
[io.vtex.com.br/portal-plugins/2.9.13/js/portal-template-as-modal.mina44e.js]
[io.vtex.com.br/portal-plugins/2.9.13/js/portal-sku-selector-with-template.mina44e.js]
[wongfood.vteximg.com.br/scripts/vtex.cookiea44e.js]
[wongfood.vteximg.com.br/scripts/jquery.pagera44e.js]
[www.metro.pe/files/global.css]
[wongfood.vtexassets.com/arquivos/owl.carousel.min86c9.css]
[wongfood.vtexassets.com/arquivos/owl.theme.default.min372f.css]
[www.metro.pe/files/mtf-global.css]
[www.metro.pe/files/lodash.js]
[cdnjs.cloudflare.com/ajax/libs/handlebars.js/4.0.5/handlebars.min.js]
[cdnjs.cloudflare.com/ajax/libs/select2/4.0.2/js/select2.min.js]
[www.metro.pe/files/store.min.js]
[www.metro.pe/files/manifest.js]
[www.metro.pe/files/vendor.js]
[www.metro.pe/files/fizzmod.js]
[www.metro.pe/files/fizzmod.reviews.js]
[www.metro.pe/files/fizzmod.minicart.js]
[www.metro.pe/files/fizzmod.shoplist.js]
[www.metro.pe/files/fizzmod.catalog.js]
[www.metro.pe/files/jquery-prototype-extended.js]
[www.metro.pe/files/janis.conf.js]
[www.metro.pe/files/vtex-lazyload.js]
[cdnjs.cloudflare.com/ajax/libs/jqueryui/1.11.4/jquery-ui.min.js]
[wongfood.vtexassets.com/arquivos/Delivery-express-moto-wongedf6.png]
[www.metro.pe/files/overlay-shipping-preference.js]
[www.metro.pe/files/overlay-shipping-preference.css]
[www.metro.pe/files/mtf.globalGS.js]
[wongfood.vtexassets.com/arquivos/logo-paris-small143d.png]
[wongfood.vtexassets.com/arquivos/banco-cencosud-scotiabank09f6.png]
[metrofood.vteximg.com.br/arquivos/espumaf2fd.png]
[www.metro.pe/tecnologia/televisores1852.html]
[www.metro.pe/tecnologia/televisores/213fb64.html]
[www.metro.pe/tecnologia/televisores/382fb64.html]
[www.metro.pe/tecnologia/televisores/497fb64.html]
[www.metro.pe/tecnologia/televisores/4564fb64.html]
[www.metro.pe/tecnologia/televisores/5100fb64.html]
[www.metro.pe/tecnologia/televisores/5135fb64.html]
[www.metro.pe/tecnologia/televisores/5146fb64.html]
[www.metro.pe/tecnologia/televisores/5440fb64.html]
[www.metro.pe/tecnologia/televisores/5634fb64.html]
[www.metro.pe/tecnologia/televisores/5809fb64.html]
[www.metro.pe/tecnologia/televisores/5877fb64.html]
[www.metro.pe/tecnologia/televisores/5937fb64.html]
[www.metro.pe/tecnologia/televisores/5940fb64.html]
[www.metro.pe/tecnologia/televisores/5972fb64.html]
[www.metro.pe/tecnologia/televisores/5983fb64.html]
[www.metro.pe/tecnologia/televisores/5984fb64.html]
[www.metro.pe/tecnologia/televisores/5985fb64.html]
[www.metro.pe/tecnologia/televisores/5986fb64.html]
[www.metro.pe/tecnologia/televisores/6094fb64.html]
[www.metro.pe/tecnologia/televisores/6102fb64.html]
[www.metro.pe/tecnologia/televisores/6117fb64.html]
[www.metro.pe/tecnologia/televisores/6377fb64.html]
[www.metro.pe/tecnologia/televisores/6591fb64.html]
[www.metro.pe/tecnologia/televisores/7021fb64.html]
[www.metro.pe/tecnologia/televisores/7108fb64.html]
[www.metro.pe/tecnologia/televisores/7523fb64.html]
[www.metro.pe/tecnologia/televisores/7633fb64.html]
[www.metro.pe/tecnologia/televisores/7702fb64.html]
[www.metro.pe/tecnologia/televisores/7705fb64.html]
[www.metro.pe/tecnologia/televisores/7776fb64.html]
[www.metro.pe/tecnologia/televisores/8029fb64.html]
[www.metro.pe/tecnologia/televisores/8429fb64.html]
[www.metro.pe/tecnologia/televisores/8502fb64.html]
[www.metro.pe/tecnologia/televisores/8515fb64.html]
[www.metro.pe/tecnologia/televisores/8524fb64.html]
[www.metro.pe/tecnologia/televisores/8603fb64.html]
[www.metro.pe/tecnologia/televisores/8619fb64.html]
[www.metro.pe/tecnologia/televisores/9111fb64.html]
[www.metro.pe/tecnologia/televisores/9138fb64.html]
[www.metro.pe/tecnologia/televisores/9140fb64.html]
[www.metro.pe/tecnologia/televisores/9141fb64.html]
[www.metro.pe/tecnologia/televisores/9144fb64.html]
[www.metro.pe/tecnologia/televisores/9171fb64.html]
[www.metro.pe/tecnologia/televisores/9172fb64.html]
[www.metro.pe/tecnologia/televisores/9222fb64.html]
[www.metro.pe/tecnologia/televisores/9402fb64.html]
[www.metro.pe/tecnologia/televisores/9416fb64.html]
[www.metro.pe/tecnologia/televisores/9417fb64.html]
[www.metro.pe/tecnologia/televisores/9440fb64.html]
[www.metro.pe/tecnologia/televisores/9445fb64.html]
[www.metro.pe/tecnologia/televisores/9460fb64.html]
[www.metro.pe/tecnologia/televisores/9642fb64.html]
[www.metro.pe/tecnologia/televisores/9714fb64.html]
[www.metro.pe/tecnologia/televisores/9805fb64.html]
[www.metro.pe/tecnologia/televisores/9806fb64.html]
[www.metro.pe/tecnologia/televisores/10017fb64.html]
[www.metro.pe/tecnologia/televisores/10025fb64.html]
[www.metro.pe/tecnologia/televisores/10054fb64.html]
[www.metro.pe/tecnologia/televisores/10176fb64.html]
[www.metro.pe/tecnologia/televisores/10227fb64.html]
[www.metro.pe/tecnologia/televisores/10328fb64.html]
[www.metro.pe/tecnologia/televisores/10357fb64.html]
[www.metro.pe/tecnologia/televisores/10379fb64.html]
[www.metro.pe/tecnologia/televisores/10441fb64.html]
[www.metro.pe/tecnologia/televisores/10630fb64.html]
[www.metro.pe/tecnologia/televisores/10680fb64.html]
[www.metro.pe/tecnologia/televisores/10795fb64.html]
[www.metro.pe/tecnologia/televisores/10912fb64.html]
[www.metro.pe/tecnologia/televisores/11000fb64.html]
[www.metro.pe/tecnologia/televisores/11002fb64.html]
[www.metro.pe/tecnologia/televisores/11034fb64.html]
[www.metro.pe/tecnologia/televisores/11051fb64.html]
[www.metro.pe/tecnologia/televisores/11653fb64.html]
[www.metro.pe/tecnologia/televisores/11907fb64.html]
[www.metro.pe/tecnologia/televisores/12111fb64.html]
[www.metro.pe/tecnologia/televisores/12200fb64.html]
[www.metro.pe/tecnologia/televisores/12226fb64.html]
[www.metro.pe/tecnologia/televisores/12364fb64.html]
[www.metro.pe/tecnologia/televisores/12580fb64.html]
[www.metro.pe/tecnologia/televisores/12581fb64.html]
[www.metro.pe/tecnologia/televisores/12727fb64.html]
[www.metro.pe/tecnologia/televisores/12813fb64.html]
[www.metro.pe/tecnologia/televisores/12922fb64.html]
[www.metro.pe/tecnologia/televisores/13035fb64.html]
[www.metro.pe/tecnologia/televisores/13258fb64.html]
[www.metro.pe/tecnologia/televisores/13306fb64.html]
[www.metro.pe/tecnologia/televisores/13307fb64.html]
[www.metro.pe/tecnologia/televisores/13458fb64.html]
[www.metro.pe/tecnologia/televisores/13953fb64.html]
[www.metro.pe/tecnologia/televisores/14014fb64.html]
[www.metro.pe/tecnologia/televisores/14219fb64.html]
[www.metro.pe/tecnologia/televisores/14551fb64.html]
[www.metro.pe/tecnologia/televisores/14935fb64.html]
[www.metro.pe/tecnologia/televisores/15203fb64.html]
[www.metro.pe/tecnologia/televisores/15485fb64.html]
[www.metro.pe/tecnologia/televisores/15613fb64.html]
[www.metro.pe/tecnologia/televisores/15618fb64.html]
[www.metro.pe/tecnologia/televisores/15677fb64.html]
[www.metro.pe/tecnologia/televisores/16922fb64.html]
[www.metro.pe/tecnologia/televisores/17138fb64.html]
[www.metro.pe/tecnologia/televisores/18119fb64.html]
[www.metro.pe/tecnologia/televisores/18172fb64.html]
[www.metro.pe/tecnologia/televisores/18399fb64.html]
[www.metro.pe/tecnologia/televisores/18412fb64.html]
[www.metro.pe/tecnologia/televisores/18481fb64.html]
[www.metro.pe/tecnologia/televisores/18523fb64.html]
[www.metro.pe/tecnologia/televisores/18590fb64.html]
[www.metro.pe/tecnologia/televisores/18695fb64.html]
[www.metro.pe/tecnologia/televisores/18981fb64.html]
[www.metro.pe/tecnologia/televisores/19010fb64.html]
[www.metro.pe/tecnologia/televisores/19077fb64.html]
[www.metro.pe/tecnologia/televisores/19164fb64.html]
[www.metro.pe/tecnologia/televisores/19166fb64.html]
[www.metro.pe/tecnologia/televisores/19179fb64.html]
[www.metro.pe/tecnologia/televisores/19180fb64.html]
[www.metro.pe/tecnologia/televisores/19197fb64.html]
[www.metro.pe/tecnologia/televisores/19203fb64.html]
[www.metro.pe/tecnologia/televisores/19314fb64.html]
[www.metro.pe/tecnologia/televisores/19543fb64.html]
[www.metro.pe/tecnologia/televisores/19691fb64.html]
[www.metro.pe/tecnologia/televisores/19773fb64.html]
[www.metro.pe/tecnologia/televisores/19800fb64.html]
[www.metro.pe/tecnologia/televisores/20078fb64.html]
[www.metro.pe/tecnologia/televisores/20080fb64.html]
[www.metro.pe/tecnologia/televisores/20336fb64.html]
[www.metro.pe/tecnologia/televisores/20698fb64.html]
[www.metro.pe/tecnologia/televisores/20699fb64.html]
[www.metro.pe/tecnologia/televisores/20740fb64.html]
[www.metro.pe/tecnologia/televisores/20752fb64.html]
[www.metro.pe/tecnologia/televisores/20935fb64.html]
[www.metro.pe/tecnologia/televisores/20936fb64.html]
[www.metro.pe/tecnologia/televisores/20952fb64.html]
[www.metro.pe/tecnologia/televisores/21466fb64.html]
[www.metro.pe/tecnologia/televisores/21543fb64.html]
[www.metro.pe/tecnologia/televisores/21553fb64.html]
[www.metro.pe/tecnologia/televisores/21616fb64.html]
[www.metro.pe/tecnologia/televisores/21618fb64.html]
[www.metro.pe/tecnologia/televisores/21924fb64.html]
[www.metro.pe/tecnologia/televisores/22237fb64.html]
[www.metro.pe/tecnologia/televisores/22238fb64.html]
[www.metro.pe/tecnologia/televisores/22239fb64.html]
[www.metro.pe/tecnologia/televisores/22255fb64.html]
[www.metro.pe/tecnologia/televisores/22673fb64.html]
[www.metro.pe/tecnologia/televisores/22675fb64.html]
[www.metro.pe/tecnologia/televisores/22810fb64.html]
[www.metro.pe/tecnologia/televisores/22852fb64.html]
[www.metro.pe/tecnologia/televisores/23042fb64.html]
[www.metro.pe/tecnologia/televisores/23044fb64.html]
[www.metro.pe/tecnologia/televisores/23106fb64.html]
[www.metro.pe/tecnologia/televisores/23127fb64.html]
[www.metro.pe/tecnologia/televisores/23206fb64.html]
[www.metro.pe/tecnologia/televisores/23249fb64.html]
[www.metro.pe/tecnologia/televisores/23319fb64.html]
[www.metro.pe/tecnologia/televisores/23321fb64.html]
[www.metro.pe/tecnologia/televisores/tv1852.html]
[www.metro.pe/tecnologia/televisores/blu-ray-y-dvd1852.html]
[www.metro.pe/tecnologia/televisores/soundbar-y-home-theater1852.html]
[www.metro.pe/tecnologia/televisores/accesorios-de-tv1852.html]
[www.metro.pe/tecnologia/televisores/aoc1852.html]
[www.metro.pe/tecnologia/televisores/fiddler1852.html]
[www.metro.pe/tecnologia/televisores/hisense1852.html]
[www.metro.pe/tecnologia/televisores/lg1852.html]
[www.metro.pe/tecnologia/televisores/micronics1852.html]
[www.metro.pe/tecnologia/televisores/nex1852.html]
[www.metro.pe/tecnologia/televisores/panasonic1852.html]
[www.metro.pe/tecnologia/televisores/philips1852.html]
[www.metro.pe/tecnologia/televisores/samsung1852.html]
[www.metro.pe/tecnologia/televisores/sony1852.html]
[www.metro.pe/tecnologia/televisores/xiaomi1852.html]
[www.metro.pe/tecnologia/televisores/de-35-a-699e792.html]
[www.metro.pe/tecnologia/televisores/de-700-a-1100e792.html]
[www.metro.pe/tecnologia/televisores/de-1100-a-1700e792.html]
[www.metro.pe/tecnologia/televisores/de-1700-a-2230e792.html]
[www.metro.pe/tecnologia/televisores/de-2030-a-3000e792.html]
[www.metro.pe/tecnologia/televisores/de-3000-a-4000e792.html]
[www.metro.pe/tecnologia/televisores/de-4000-a-9000e792.html]
[www.metro.pe/tecnologia/televisores/de-9000-a-39000e792.html]
[wongfood.vteximg.com.br/arquivos/ids/579391-230-230/Televisor-Nex-Smart-TV-UHD-55-1-299745214533f.jpg]
[www.metro.pe/tecnologia/televisores/tv.html]
[wongfood.vteximg.com.br/arquivos/ids/558022-230-230/Samsung-Smart-Tv-Uhd-65-Un65Au7090Gxpe-1-310267396c0c5.jpg]
[wongfood.vteximg.com.br/arquivos/ids/538024-230-230/TV-Xioami-50-Uhd-4K-Smart-Tv-Hdr10-Android-10-1-273797306d4d1.jpg]
[wongfood.vteximg.com.br/arquivos/ids/519836-230-230/TV-Xioami-55-Uhd-4K-Smart-Tv-Hdr10-Android-10-1-2737973057f43.jpg]
[wongfood.vteximg.com.br/arquivos/ids/579392-230-230/Televisor-Nex-Smart-TV-UHD-65-1-2997452155846.jpg]
[wongfood.vteximg.com.br/arquivos/ids/579388-230-230/Televisor-Nex-Smart-TV-HD-32-1-299745211af5a.jpg]
[wongfood.vteximg.com.br/arquivos/ids/589572-230-230/973772-107de.jpg]
[wongfood.vteximg.com.br/arquivos/ids/572957-230-230/Hisense-Smart-Tv-Uhd-55-55A6H-1-2981257457b48.jpg]
[wongfood.vteximg.com.br/arquivos/ids/553214-230-230/UHD-LG-TV-50-4K-ThinQ-AI-50UQ8050-2022-1-299745223b1d5.jpg]
[wongfood.vteximg.com.br/arquivos/ids/579390-230-230/Televisor-Nex-Smart-TV-UHD-50-1-2997452132fb2.jpg]
[wongfood.vteximg.com.br/arquivos/ids/579389-230-230/Televisor-Nex-Smart-TV-FHD-43-1-299745212a05c.jpg]
[wongfood.vteximg.com.br/arquivos/ids/578307-230-230/Smart-Tv-43-Samsung-Fhd-Un43T5202Agxpe-1-310267399bdef.jpg]
[wongfood.vteximg.com.br/arquivos/ids/582891-230-230/Tv-43-LG-Uhd-4K-Thinq-Ai-43Uq7500-2022-1-3422127719782.jpg]
[www.metro.pe/tecnologia/televisores/soundbar-y-home-theater.html]
[wongfood.vteximg.com.br/arquivos/ids/570585-230-230/Soporte-de-Inclinaci-n-Nex-TV-37-70-1-1538765410b12.jpg]
[wongfood.vteximg.com.br/arquivos/ids/572956-230-230/Hisense-Smart-Tv-Uhd-50-50A6H-1-2981257447dc2.jpg]
[wongfood.vteximg.com.br/arquivos/ids/572954-230-230/Hisense-Smart-Tv-Hd-32-32A4H-1-2981257426391.jpg]
[wongfood.vteximg.com.br/arquivos/ids/558023-230-230/Samsung-Smart-Tv-Uhd-50-Un50Au7090Gxpe-1-3102673989a93.jpg]
[wongfood.vteximg.com.br/arquivos/ids/563849-230-230/Samsung-Smart-Tv-Uhd-43-Un43Au7090Gxpe-1-2777548068141.jpg]
[www.metro.pe/files/custom-nes.css]
[metrofood.vteximg.com.br/arquivos/custom_ksan3a0d.css]
[cdnjs.cloudflare.com/ajax/libs/select2/4.0.2/css/select2.min.css]
[www.metro.pe/files/mprogress.css]
[cdnjs.cloudflare.com/ajax/libs/Swiper/3.4.0/css/swiper.min.css]
[wongfood.vtexassets.com/arquivos/font-face-metro0443.css]
[www.metro.pe/files/mega.js]
[wongfood.vtexassets.com/arquivos/bxslider-metro83c6.js]
[cdnjs.cloudflare.com/ajax/libs/Swiper/3.4.0/js/swiper.min.js]
[www.metro.pe/files/mprogress.js]
[www.metro.pe/files/jquery.menu-aim.js]
[www.metro.pe/files/jquery.mobile.custom.js]
[wongfood.vtexassets.com/arquivos/owl.carousel-v2.min489c.js]
[www.metro.pe/files/global.js]
[www.metro.pe/files/jquery.adaptive-backgrounds.js]
[www.metro.pe/files/nyk.vtexito.js]
[www.metro.pe/files/nyk.masterdata.js]
[www.metro.pe/files/nyk.pinker.js]
[www.metro.pe/files/mtf.global.min.js]
[www.metro.pe/files/uatmee.js]
[www.metro.pe/files/cenco-create-user-list.js]
[cdn.onesignal.com/sdks/OneSignalSDK.js]
[www.metro.pe/files/fizzmod.compare.js]
[www.metro.pe/files/list.js]
[wongfood.vteximg.com.br/scripts/tracka44e.js]
[wongfood.vteximg.com.br/scripts/thickboxa44e.js]
[wongfood.vteximg.com.br/scripts/json2a44e.js]
[wongfood.vteximg.com.br/scripts/vtex.viewpart.callcenterdisclaimera44e.js]
[wongfood.vteximg.com.br/scripts/social/vtex-view-parta44e.js]
[wongfood.vteximg.com.br/scripts/vtex.commerce.searcha44e.js]
[wongfood.vteximg.com.br/scripts/vtex.viewpart.searchnavigatora44e.js]
[wongfood.vteximg.com.br/scripts/vtex.commerce.batchbuya44e.js]
[wongfood.vteximg.com.br/scripts/vtex.jseventsa44e.js]
[wongfood.vteximg.com.br/scripts/vtex.skueventsa44e.js]
[wongfood.vteximg.com.br/scripts/vtex.skuevents.skudatafetchera44e.js]
[wongfood.vteximg.com.br/scripts/jquery.livequery.mina44e.js]
[wongfood.vteximg.com.br/scripts/prettyphoto/js/jquery.prettyphotoa44e.js]
[wongfood.vteximg.com.br/scripts/prettyphoto/js/lean-prettyphotoa44e.js]
[wongfood.vteximg.com.br/scripts/vtex.commerce.comparea44e.js]
[wongfood.vteximg.com.br/scripts/mobile/vtex.make.mobile.pagera44e.js]
[www.metro.pe/tecnologia/televisores.html]
[wongfood.vteximg.com.br/scripts/swfobjecta44e.js]
[wongfood.vteximg.com.br/scripts/vtex.ajax.waita44e.js]
[wongfood.vteximg.com.br/scripts/vtex.commona44e.js]
[wongfood.vteximg.com.br/scripts/vtex.cookiea44e.js]
[wongfood.vteximg.com.br/scripts/jquery.pagera44e.js]
[wongfood.vteximg.com.br/scripts/vtex.commerce.switchgridlistviewa44e.js]
[wongfood.vtexassets.com/arquivos/spritex2-pe.png]
[www.metro.pe/files/global.css]
[wongfood.vtexassets.com/arquivos/owl.carousel.min86c9.css]
[wongfood.vtexassets.com/arquivos/owl.theme.default.min372f.css]
[wongfood.vtexassets.com/arquivos/wong2.0-icons6f18.png]
[www.metro.pe/files/mtf-global.css]
[www.googletagmanager.com/gtm5445.html]
[www.metro.pe/files/overlay-shipping-preference.css]
[www.metro.pe/tecnologia/televisores1852.html]
[www.metro.pe/tecnologia/televisores/tv/213813a.html]
[www.metro.pe/tecnologia/televisores/blu-ray-y-dvd/213813a.html]
[www.metro.pe/tecnologia/televisores/aoc/2133759.html]
[www.metro.pe/tecnologia/televisores/sony/2133759.html]
[www.metro.pe/tecnologia/televisores/213/de-35-a-6997650.html]
[www.metro.pe/tecnologia/televisores/213/de-3000-a-40007650.html]
[wongfood.vteximg.com.br/arquivos/ids/421818-230-230/Sony-Reproductor-Blu-ray-BDP-S3500-1-3433871b2.jpg]
[wongfood.vteximg.com.br/arquivos/ids/331243-230-230/702811-19cfd.jpg]
[wongfood.vteximg.com.br/arquivos/ids/355160-230-230/frontal-12586088a3.jpg]
[www.metro.pe/tecnologia/televisores/213fb64.html]
[www.metro.pe/tecnologia/televisores/blu-ray-y-dvd/382813a.html]
[www.metro.pe/tecnologia/televisores/sony/3823759.html]
[www.metro.pe/tecnologia/televisores/382fb64.html]
[www.metro.pe/tecnologia/televisores/382/de-35-a-6997650.html]
[www.metro.pe/tecnologia/televisores/tv/497813a.html]
[www.metro.pe/tecnologia/televisores/blu-ray-y-dvd/497813a.html]
[www.metro.pe/tecnologia/televisores/aoc/4973759.html]
[www.metro.pe/tecnologia/televisores/sony/4973759.html]
[www.metro.pe/tecnologia/televisores/497fb64.html]
[www.metro.pe/tecnologia/televisores/497/de-35-a-6997650.html]
[www.metro.pe/tecnologia/televisores/tv/4564813a.html]
[www.metro.pe/tecnologia/televisores/aoc/45643759.html]
[www.metro.pe/tecnologia/televisores/4564/de-1100-a-17007650.html]
[www.metro.pe/tecnologia/televisores/4564/de-2030-a-30007650.html]
[www.metro.pe/tecnologia/televisores/4564/de-3000-a-40007650.html]
[wongfood.vteximg.com.br/arquivos/ids/301353-230-230/image-8eabaa6342834ba0888d12f2e75a1e66d368.jpg]
[wongfood.vteximg.com.br/arquivos/ids/350318-230-230/AOC-Smart-TV-43---Full-HD-LE43S5970S-Linux-1-473612575cf2.jpg]
[www.metro.pe/tecnologia/televisores/4564fb64.html]
[www.metro.pe/tecnologia/televisores/tv/5100813a.html]
[www.metro.pe/tecnologia/televisores/aoc/51003759.html]
[www.metro.pe/tecnologia/televisores/5100/de-1100-a-17007650.html]
[www.metro.pe/tecnologia/televisores/5100/de-2030-a-30007650.html]
[www.metro.pe/tecnologia/televisores/5100fb64.html]
[www.metro.pe/tecnologia/televisores/5100/de-3000-a-40007650.html]
[www.metro.pe/tecnologia/televisores/tv/5135813a.html]
[www.metro.pe/tecnologia/televisores/aoc/51353759.html]
[www.metro.pe/tecnologia/televisores/5135/de-2030-a-30007650.html]
[www.metro.pe/tecnologia/televisores/5135fb64.html]
[www.metro.pe/tecnologia/televisores/5135/de-3000-a-40007650.html]
[www.metro.pe/tecnologia/televisores/tv/5146813a.html]
[www.metro.pe/tecnologia/televisores/aoc/51463759.html]
[www.metro.pe/tecnologia/televisores/5146/de-35-a-6997650.html]
[www.metro.pe/tecnologia/televisores/5146fb64.html]
[www.metro.pe/tecnologia/televisores/5146/de-1100-a-17007650.html]
[www.metro.pe/tecnologia/televisores/tv/5440813a.html]
[www.metro.pe/tecnologia/televisores/aoc/54403759.html]
[www.metro.pe/tecnologia/televisores/5440/de-35-a-6997650.html]
[www.metro.pe/tecnologia/televisores/5440/de-1100-a-17007650.html]
[www.metro.pe/tecnologia/televisores/5440fb64.html]
[www.metro.pe/tecnologia/televisores/5440/de-3000-a-40007650.html]
[www.metro.pe/tecnologia/televisores/tv/5634813a.html]
[www.metro.pe/tecnologia/televisores/aoc/56343759.html]
[www.metro.pe/tecnologia/televisores/5634fb64.html]
[www.metro.pe/tecnologia/televisores/5634/de-35-a-6997650.html]
[www.metro.pe/tecnologia/televisores/tv/5809813a.html]
[www.metro.pe/tecnologia/televisores/aoc/58093759.html]
[www.metro.pe/tecnologia/televisores/5809fb64.html]
[www.metro.pe/tecnologia/televisores/5809/de-35-a-6997650.html]
[www.metro.pe/tecnologia/televisores/tv/5877813a.html]
[www.metro.pe/tecnologia/televisores/aoc/58773759.html]
[www.metro.pe/tecnologia/televisores/5877fb64.html]
[www.metro.pe/tecnologia/televisores/5877/de-3000-a-40007650.html]
[www.metro.pe/tecnologia/televisores/tv/5937813a.html]
[www.metro.pe/tecnologia/televisores/aoc/59373759.html]
[www.metro.pe/tecnologia/televisores/5937fb64.html]
[www.metro.pe/tecnologia/televisores/5937/de-35-a-6997650.html]
[www.metro.pe/tecnologia/televisores/tv/5940813a.html]
[www.metro.pe/tecnologia/televisores/aoc/59403759.html]
[www.metro.pe/tecnologia/televisores/5940fb64.html]
[www.metro.pe/tecnologia/televisores/5940/de-35-a-6997650.html]
[www.metro.pe/tecnologia/televisores/tv/5972813a.html]
[www.metro.pe/tecnologia/televisores/aoc/59723759.html]
[www.metro.pe/tecnologia/televisores/5972fb64.html]
[www.metro.pe/tecnologia/televisores/5972/de-35-a-6997650.html]
[www.metro.pe/tecnologia/televisores/tv/5983813a.html]
[www.metro.pe/tecnologia/televisores/aoc/59833759.html]
[www.metro.pe/tecnologia/televisores/5983fb64.html]
[www.metro.pe/tecnologia/televisores/5983/de-35-a-6997650.html]
[www.metro.pe/tecnologia/televisores/tv/5984813a.html]
[www.metro.pe/tecnologia/televisores/aoc/59843759.html]
[www.metro.pe/tecnologia/televisores/5984fb64.html]
[www.metro.pe/tecnologia/televisores/5984/de-35-a-6997650.html]
[www.metro.pe/tecnologia/televisores/tv/5985813a.html]
[www.metro.pe/tecnologia/televisores/aoc/59853759.html]
[www.metro.pe/tecnologia/televisores/5985fb64.html]
[www.metro.pe/tecnologia/televisores/5985/de-35-a-6997650.html]
[www.metro.pe/tecnologia/televisores/tv/5986813a.html]
[www.metro.pe/tecnologia/televisores/aoc/59863759.html]
[www.metro.pe/tecnologia/televisores/5986fb64.html]
[www.metro.pe/tecnologia/televisores/5986/de-35-a-6997650.html]
[www.metro.pe/tecnologia/televisores/tv/6094813a.html]
[www.metro.pe/tecnologia/televisores/aoc/60943759.html]
[www.metro.pe/tecnologia/televisores/6094fb64.html]
[www.metro.pe/tecnologia/televisores/6094/de-3000-a-40007650.html]
[www.metro.pe/tecnologia/televisores/tv/6102813a.html]
[www.metro.pe/tecnologia/televisores/aoc/61023759.html]
[www.metro.pe/tecnologia/televisores/6102/de-35-a-6997650.html]
[www.metro.pe/tecnologia/televisores/6102/de-1100-a-17007650.html]
[wongfood.vteximg.com.br/arquivos/ids/355162-230-230/AOC-Smart-TV-43---Full-HD-43S5295-1-85388204c305.jpg]
[www.metro.pe/tecnologia/televisores/6102fb64.html]
[www.metro.pe/tecnologia/televisores/tv/6117813a.html]
[www.metro.pe/tecnologia/televisores/aoc/61173759.html]
[www.metro.pe/tecnologia/televisores/6117/de-35-a-6997650.html]
[www.metro.pe/tecnologia/televisores/6117fb64.html]
[www.metro.pe/tecnologia/televisores/6117/de-1100-a-17007650.html]
[www.metro.pe/tecnologia/televisores/tv/6377813a.html]
[www.metro.pe/tecnologia/televisores/blu-ray-y-dvd/6377813a.html]
[www.metro.pe/tecnologia/televisores/aoc/63773759.html]
[www.metro.pe/tecnologia/televisores/sony/63773759.html]
[www.metro.pe/tecnologia/televisores/6377/de-35-a-6997650.html]
[www.metro.pe/tecnologia/televisores/6377/de-1100-a-17007650.html]
[www.metro.pe/tecnologia/televisores/6377/de-2030-a-30007650.html]
[www.metro.pe/tecnologia/televisores/6377fb64.html]
[www.metro.pe/tecnologia/televisores/6377/de-3000-a-40007650.html]
[www.metro.pe/tecnologia/televisores/tv/6591813a.html]
[www.metro.pe/tecnologia/televisores/aoc/65913759.html]
[www.metro.pe/tecnologia/televisores/6591/de-2030-a-30007650.html]
[wongfood.vteximg.com.br/arquivos/ids/355164-230-230/AOC-Smart-TV-55---4K-UHD-LE55U6295-1-108257057e2ae.jpg]
[www.metro.pe/tecnologia/televisores/6591fb64.html]
[www.metro.pe/tecnologia/televisores/tv/7021813a.html]
[www.metro.pe/tecnologia/televisores/aoc/70213759.html]
[www.metro.pe/tecnologia/televisores/7021fb64.html]
[www.metro.pe/tecnologia/televisores/7108fb64.html]
[www.metro.pe/tecnologia/televisores/7523fb64.html]
[www.metro.pe/tecnologia/televisores/7633fb64.html]
[www.metro.pe/tecnologia/televisores/7021/de-35-a-6997650.html]
[www.metro.pe/tecnologia/televisores/7702fb64.html]
[www.metro.pe/tecnologia/televisores/7705fb64.html]
[www.metro.pe/tecnologia/televisores/7776fb64.html]
[www.metro.pe/tecnologia/televisores/8029fb64.html]
[www.metro.pe/tecnologia/televisores/8429fb64.html]
[www.metro.pe/tecnologia/televisores/8502fb64.html]
[www.metro.pe/tecnologia/televisores/8515fb64.html]
[www.metro.pe/tecnologia/televisores/8524fb64.html]
